// Jest Snapshot v1, https://goo.gl/fbAQLP

exports[`Beercontroller getBeersByName unit testing Should call getBeersByName providing a searchString and get a list of beers 1`] = `Object {}`;
